[2026-03-27T21:09:37.402Z] [log] [hCaptcha] key 6ad14483-0a2c-40c1-bc66-3510778e97f9
[2026-03-27T21:09:37.404Z] [log] [hCaptcha] loading...
[2026-03-27T21:09:37.568Z] [log] [hCaptcha] loaded!
[2026-03-27T21:09:38.782Z] [warning] [MapKit] Rotation can't be enabled because it's not available.
[2026-03-27T21:09:44.803Z] [warning] The resource https://dk2h3gy4kn9jw.cloudfront.net/web-2019/1f34442d/img/header-bg-pl.d057534.jpg was preloaded using link preload but not used within a few seconds from the window's load event. Please make sure it has an appropriate `as` value and it is preloaded intentionally.
[2026-03-27T21:09:44.803Z] [warning] The resource https://dk2h3gy4kn9jw.cloudfront.net/web-2019/1f34442d/img/header-bg.f0d45f5.jpg was preloaded using link preload but not used within a few seconds from the window's load event. Please make sure it has an appropriate `as` value and it is preloaded intentionally.
[2026-03-27T21:10:12.468Z] [warning] The resource https://dk2h3gy4kn9jw.cloudfront.net/web-2019/1f34442d/img/header-bg-pl.d057534.jpg was preloaded using link preload but not used within a few seconds from the window's load event. Please make sure it has an appropriate `as` value and it is preloaded intentionally.
[2026-03-27T21:10:12.468Z] [warning] The resource https://dk2h3gy4kn9jw.cloudfront.net/web-2019/1f34442d/img/header-bg.f0d45f5.jpg was preloaded using link preload but not used within a few seconds from the window's load event. Please make sure it has an appropriate `as` value and it is preloaded intentionally.
[2026-03-27T21:10:41.019Z] [warning] The resource https://dk2h3gy4kn9jw.cloudfront.net/web-2019/1f34442d/img/header-bg-pl.d057534.jpg was preloaded using link preload but not used within a few seconds from the window's load event. Please make sure it has an appropriate `as` value and it is preloaded intentionally.
[2026-03-27T21:10:41.019Z] [warning] The resource https://dk2h3gy4kn9jw.cloudfront.net/web-2019/1f34442d/img/header-bg.f0d45f5.jpg was preloaded using link preload but not used within a few seconds from the window's load event. Please make sure it has an appropriate `as` value and it is preloaded intentionally.
[2026-03-27T21:10:44.105Z] [warning] The resource https://dk2h3gy4kn9jw.cloudfront.net/web-2019/1f34442d/img/header-bg-pl.d057534.jpg was preloaded using link preload but not used within a few seconds from the window's load event. Please make sure it has an appropriate `as` value and it is preloaded intentionally.
[2026-03-27T21:10:44.105Z] [warning] The resource https://dk2h3gy4kn9jw.cloudfront.net/web-2019/1f34442d/img/header-bg.f0d45f5.jpg was preloaded using link preload but not used within a few seconds from the window's load event. Please make sure it has an appropriate `as` value and it is preloaded intentionally.
[2026-03-27T21:11:11.199Z] [warning] The resource https://dk2h3gy4kn9jw.cloudfront.net/web-2019/1f34442d/img/header-bg-pl.d057534.jpg was preloaded using link preload but not used within a few seconds from the window's load event. Please make sure it has an appropriate `as` value and it is preloaded intentionally.
[2026-03-27T21:11:11.200Z] [warning] The resource https://dk2h3gy4kn9jw.cloudfront.net/web-2019/1f34442d/img/header-bg.f0d45f5.jpg was preloaded using link preload but not used within a few seconds from the window's load event. Please make sure it has an appropriate `as` value and it is preloaded intentionally.
[2026-03-27T21:11:14.299Z] [warning] The resource https://dk2h3gy4kn9jw.cloudfront.net/web-2019/1f34442d/img/header-bg-pl.d057534.jpg was preloaded using link preload but not used within a few seconds from the window's load event. Please make sure it has an appropriate `as` value and it is preloaded intentionally.
[2026-03-27T21:11:14.299Z] [warning] The resource https://dk2h3gy4kn9jw.cloudfront.net/web-2019/1f34442d/img/header-bg.f0d45f5.jpg was preloaded using link preload but not used within a few seconds from the window's load event. Please make sure it has an appropriate `as` value and it is preloaded intentionally.
[2026-03-27T21:11:41.375Z] [warning] The resource https://dk2h3gy4kn9jw.cloudfront.net/web-2019/1f34442d/img/header-bg-pl.d057534.jpg was preloaded using link preload but not used within a few seconds from the window's load event. Please make sure it has an appropriate `as` value and it is preloaded intentionally.
[2026-03-27T21:11:41.375Z] [warning] The resource https://dk2h3gy4kn9jw.cloudfront.net/web-2019/1f34442d/img/header-bg.f0d45f5.jpg was preloaded using link preload but not used within a few seconds from the window's load event. Please make sure it has an appropriate `as` value and it is preloaded intentionally.
[2026-03-27T21:11:44.466Z] [warning] The resource https://dk2h3gy4kn9jw.cloudfront.net/web-2019/1f34442d/img/header-bg-pl.d057534.jpg was preloaded using link preload but not used within a few seconds from the window's load event. Please make sure it has an appropriate `as` value and it is preloaded intentionally.
[2026-03-27T21:11:44.466Z] [warning] The resource https://dk2h3gy4kn9jw.cloudfront.net/web-2019/1f34442d/img/header-bg.f0d45f5.jpg was preloaded using link preload but not used within a few seconds from the window's load event. Please make sure it has an appropriate `as` value and it is preloaded intentionally.
